###############################################################################
#
# IAR ELF Linker V8.50.6.265/W32 for ARM                  11/May/2021  12:33:09
# Copyright 2007-2020 IAR Systems AB.
#
#    Output file  =
#        C:\embedded_programming\7_arraysPointerArithmetic\Debug\Exe\project.out
#    Map file     =
#        C:\embedded_programming\7_arraysPointerArithmetic\Debug\List\project.map
#    Command line =
#        -f C:\Users\Djordje\AppData\Local\Temp\EWAA25.tmp
#        (C:\embedded_programming\7_arraysPointerArithmetic\Debug\Obj\main.o
#        --no_out_extension -o
#        C:\embedded_programming\7_arraysPointerArithmetic\Debug\Exe\project.out
#        --redirect _Printf=_PrintfFullNoMb --redirect _Scanf=_ScanfFullNoMb
#        --map
#        C:\embedded_programming\7_arraysPointerArithmetic\Debug\List\project.map
#        --config "C:\Program Files (x86)\IAR Systems\Embedded Workbench
#        8.4\arm\config\linker\TexasInstruments\TM4C123GH6.icf" --semihosting
#        --entry __iar_program_start --vfe --text_out locale)
#
###############################################################################

*******************************************************************************
*** RUNTIME MODEL ATTRIBUTES
***

CppFlavor       = *
__SystemLibrary = DLib
__dlib_version  = 6


*******************************************************************************
*** HEAP SELECTION
***

The basic heap was selected because some modules are built with
size limitations (and not runtime checking), and --advanced_heap
was not specified.


*******************************************************************************
*** PLACEMENT SUMMARY
***

"A0":  place at address 0x0 { ro section .intvec };
"P1":  place in [from 0x0 to 0x3'ffff] { ro };
define block CSTACK with size = 4K, alignment = 8 { };
define block HEAP with size = 8K, alignment = 8 { };
"P2":  place in [from 0x2000'0000 to 0x2000'7fff] {
          rw, block CSTACK, block HEAP };

No sections matched the following patterns:

  rw  in "P2"


  Section   Kind         Address    Size  Object
  -------   ----         -------    ----  ------
"A0":                               0x40
  .intvec   ro code          0x0    0x40  vector_table_M.o [3]
                          - 0x40    0x40

"P1":                              0x14c
  .text     ro code         0x40    0x7c  main.o [1]
  .text     ro code         0xbc    0x14  memset.o [3]
  .text     ro code         0xd0    0x66  ABImemset.o [3]
  .text     ro code        0x136     0x2  vector_table_M.o [3]
  .text     ro code        0x138    0x1e  cmain.o [3]
  .text     ro code        0x156     0x4  low_level_init.o [2]
  .text     ro code        0x15a     0x4  exit.o [2]
  .text     ro code        0x160     0xa  cexit.o [3]
  .text     ro code        0x16c    0x14  exit.o [4]
  .text     ro code        0x180     0xc  cstartup_M.o [3]
                         - 0x18c   0x14c

"P2":                             0x1000
  CSTACK             0x2000'0000  0x1000  <Block>
    CSTACK  uninit   0x2000'0000  0x1000  <Block tail>
                   - 0x2000'1000  0x1000

Unused ranges:

         From           To      Size
         ----           --      ----
        0x18c     0x3'ffff  0x3'fe74
  0x2000'1000  0x2000'7fff    0x7000



*******************************************************************************
*** MODULE SUMMARY
***

    Module            ro code  rw data
    ------            -------  -------
command line/config:
    ----------------------------------
    Total:

C:\embedded_programming\7_arraysPointerArithmetic\Debug\Obj: [1]
    main.o                124
    ----------------------------------
    Total:                124

dl7M_tln.a: [2]
    exit.o                  4
    low_level_init.o        4
    ----------------------------------
    Total:                  8

rt7M_tl.a: [3]
    ABImemset.o           102
    cexit.o                10
    cmain.o                30
    cstartup_M.o           12
    memset.o               20
    vector_table_M.o       66
    ----------------------------------
    Total:                240

shb_l.a: [4]
    exit.o                 20
    ----------------------------------
    Total:                 20

    Gaps                    4
    Linker created               4'096
--------------------------------------
    Grand Total:          396    4'096


*******************************************************************************
*** ENTRY LIST
***

Entry                     Address  Size  Type      Object
-----                     -------  ----  ----      ------
?main                       0x139        Code  Gb  cmain.o [3]
CSTACK$$Base          0x2000'0000         --   Gb  - Linker created -
CSTACK$$Limit         0x2000'1000         --   Gb  - Linker created -
Region$$Table$$Base           0x0         --   Gb  - Linker created -
Region$$Table$$Limit          0x0         --   Gb  - Linker created -
__aeabi_memset               0xd1        Code  Gb  ABImemset.o [3]
__cmain                     0x139        Code  Gb  cmain.o [3]
__exit                      0x16d  0x14  Code  Gb  exit.o [4]
__iar_Memset                 0xd1        Code  Gb  ABImemset.o [3]
__iar_Memset_word            0xd9        Code  Gb  ABImemset.o [3]
__iar_program_start         0x181        Code  Gb  cstartup_M.o [3]
__low_level_init            0x157   0x4  Code  Gb  low_level_init.o [2]
__vector_table                0x0        Data  Gb  vector_table_M.o [3]
_call_main                  0x145        Code  Gb  cmain.o [3]
_exit                       0x161        Code  Gb  cexit.o [3]
_main                       0x153        Code  Gb  cmain.o [3]
exit                        0x15b   0x4  Code  Gb  exit.o [2]
main                         0x41  0x7c  Code  Gb  main.o [1]
memset                       0xbd  0x14  Code  Gb  memset.o [3]


[1] = C:\embedded_programming\7_arraysPointerArithmetic\Debug\Obj
[2] = dl7M_tln.a
[3] = rt7M_tl.a
[4] = shb_l.a

    396 bytes of readonly  code memory
  4'096 bytes of readwrite data memory

Errors: none
Warnings: none
